떠이닌 지오코딩 대상: 83건 (해외소재 제외)
OK  id=92 [exact] 527 Lê Thị Riêng, Phường Thới An, TP Hồ Chí Minh, Việt Nam -> 10.8618977,106.655003
OK  id=93 [exact] 19 Triệu Quang Phục, Phường Chợ Lớn, TP Hồ Chí Minh, Việt Nam -> 10.753131,106.661424
OK  id=94 [ward_district] Xã Đại Đồng, Tỉnh Bắc Ninh, Việt Nam -> 21.0827313,105.9884226
OK  id=95 [industrial_zone] Khu công nghiệp Hiệp Phước, TP Hồ Chí Minh, Việt Nam -> 10.6299071,106.7581376
OK  id=96 [ward_district] Đường Mễ Trì, TP Hà Nội, Việt Nam -> 21.011753,105.7740945
OK  id=97 [industrial_zone] khu công nghiệp Nam Tân Uyên, TP Hồ Chí Minh, Việt Nam -> 11.0589706,106.7542337
OK  id=98 [ward_district] Phường 4, Quận Tân Bình, TP Hồ Chí Minh, Việt Nam -> 10.8124764,106.6675031
OK  id=99 [industrial_zone] KCN Đức Hoà 1, Tỉnh Tây Ninh, Việt Nam -> 10.7776493,106.4832073
OK  id=100 [ward_district] Xã Đông Thạnh, TP Hồ Chí Minh, Việt Nam -> 10.8981946,106.6361448
OK  id=101 [ward_district] Đường Phạm Hùng, Phường Từ Liêm, TP Hà Nội, Việt Nam -> 21.0144445,105.7846096
OK  id=102 [ward_district] Phường Tân Mỹ, TP Hồ Chí Minh, Việt Nam -> 10.7258082,106.7238126
OK  id=103 [ward_district] 720A Điện Biên Phủ, Phường Thạnh Mỹ Tây, TP Hồ Chí Minh, Việt Nam -> 10.7948354,106.7217434
OK  id=104 [exact] Đường số 4, KCN Tam Phước, Phường Tam Phước, TP Đồng Nai, Việt Nam -> 10.8678612,106.9344498
OK  id=105 [province_level] TP. Hồ Chí Minh, Việt Nam -> 10.7737261,106.7166008
OK  id=106 [ward_district] Số 45 Mễ Trì, Phường Từ Liêm, TP Hà Nội, Việt Nam -> 21.0057961,105.7884342
OK  id=107 [ward_district] Phường Vĩnh Tân, TP Hồ Chí Minh, Việt Nam -> 11.1137826,106.7071581
OK  id=108 [industrial_zone] KCN Tân Kim, Tỉnh Tây Ninh, Việt Nam -> 10.6368337,106.6666092
OK  id=109 [province_level] Tỉnh Đồng Nai, Việt Nam -> 10.9110599,106.8431818
OK  id=110 [industrial_zone] KCN Hải Sơn, Tỉnh Tây Ninh, Việt Nam -> 10.7777794,106.4707375
OK  id=111 [ward_district] số 10 Phổ Quang, Phường Tân Sơn Hòa, TP Hồ Chí Minh, Việt Nam -> 10.8072415,106.6684351
OK  id=112 [ward_district] Xã Truông Mít, Tỉnh Tây Ninh, Việt Nam -> 11.2033758,106.3087369
OK  id=113 [ward_district] Phường Vĩnh Tân, TP Hồ Chí Minh, Việt Nam -> 11.1137826,106.7071581
OK  id=114 [ward_district] Xã Bình Mỹ, Tỉnh Ninh Bình, Việt Nam -> 20.4914206,106.0081321
OK  id=115 [industrial_zone] Khu Công Nghiệp Đồng An 2, TP Hồ Chí Minh, Việt Nam -> 11.1035205,106.6769626
OK  id=116 [industrial_zone] KCN Tân Bình, TP Hồ Chí Minh, Việt Nam -> 10.8145745,106.6142487
OK  id=117 [industrial_zone] KCN Minh Quang, Tỉnh Hưng Yên, Việt Nam -> 20.9241659,106.1180803
OK  id=118 [ward_district] Phường Cầu Giấy, TP Hà Nội, Việt Nam -> 21.0286704,105.7866045
OK  id=119 [exact] 17 Huỳnh Đình Hai, Phường Bình Thạnh, TP Hồ Chí Minh, Việt Nam -> 10.8046137,106.700635
OK  id=120 [ward_district] đường Tôn Đức Thắng, Phường Sài Gòn, TP Hồ Chí Minh, Việt Nam -> 10.7790847,106.7074875
OK  id=121 [exact] 86/58 Phổ Quang, Phường Tân Sơn Hòa, TP Hồ Chí Minh, Việt Nam -> 10.8072415,106.6684351
OK  id=122 [exact] 47A Lê Trọng Tấn, Phường Tân Sơn Nhì, TP Hồ Chí Minh, Việt Nam -> 10.8078302,106.6200862
OK  id=123 [ward_district] Phường Hiệp Bình, TP Hồ Chí Minh, Việt Nam -> 10.8391728,106.7253193
OK  id=124 [exact] 131 Phạm Huy Thông, Phường Gò Vấp, TP Hồ Chí Minh, Việt Nam -> 10.8328875,106.681002
OK  id=125 [ward_district] Quận 12, TP Hồ Chí Minh, Việt Nam -> 10.8612652,106.6642083
OK  id=126 [exact] 27C Quốc Hương, Phường An Khánh, TP Hồ Chí Minh, Việt Nam -> 10.8073843,106.7308879
OK  id=127 [industrial_zone] khu công nghiệp Sóng Thần I, TP Hồ Chí Minh, Việt Nam -> 10.8903543,106.7503403
OK  id=128 [ward_district] Phường Tam Bình, TP Hồ Chí Minh, Việt Nam -> 10.8686181,106.7350611
OK  id=129 [exact] 224-224A Nguyễn Văn Đậu, Phường Bình Lợi Trung, TP Hồ Chí Minh, Việt Nam -> 10.8148448,106.694406
OK  id=130 [ward_district] số 05 Hoàng Văn Thái, Phường Tân Mỹ, TP Hồ Chí Minh, Việt Nam -> 10.7281853,106.7186464
OK  id=131 [industrial_zone] Khu công nghiệp Long Thành, Tỉnh Đồng Nai, Việt Nam -> 10.9389906,106.8863278
OK  id=132 [exact] 5/33 Nguyễn Văn Vĩnh, Phường Tân Sơn Nhất, TP Hồ Chí Minh, Việt Nam -> 10.8072337,106.6621556
OK  id=133 [ward_district] 728-730 Võ Văn Kiệt, Phường Chợ Quán, TP Hồ Chí Minh, Việt Nam -> 10.7526767,106.6816601
OK  id=134 [ward_district] Phường Nhiêu Lộc, TP Hồ Chí Minh, Việt Nam -> 10.7857564,106.6751204
OK  id=135 [province_level] Tỉnh Bà Rịa - Vũng Tàu, Việt Nam -> 10.5134159,107.1851769
OK  id=136 [ward_district] Phường Định Công, TP Hà Nội, Việt Nam -> 20.9779202,105.8244431
OK  id=137 [ward_district] Thành phố Thủy Nguyên, TP Hải Phòng, Việt Nam -> 20.915622,106.6748219
OK  id=138 [ward_district] Phường Trấn Biên, TP Đồng Nai, Việt Nam -> 10.9507748,106.8221068
OK  id=139 [ward_district] Xã Tuệ Tĩnh, TP Hải Phòng, Việt Nam -> 20.9731541,106.2491762
OK  id=140 [province_level] Tỉnh Quảng Ninh, Việt Nam -> 21.5268613,107.9698254
OK  id=141 [ward_district] Phường Bảy Hiền, TP Hồ Chí Minh, Việt Nam -> 10.7895387,106.6472288
OK  id=142 [ward_district] Phường Bình Thạnh, TP Hồ Chí Minh, Việt Nam -> 10.8111809,106.7033938
OK  id=143 [industrial_zone] khu công nghiệp Lê Minh Xuân, TP Hồ Chí Minh, Việt Nam -> 10.7426409,106.5436646
OK  id=144 [ward_district] Phường 7, Quận Bình Thạnh, TP Hồ Chí Minh, Việt Nam -> 10.8003967,106.6597746
OK  id=145 [ward_district] số 16 Phan Chu Trinh, Phường Cửa Nam, TP Hà Nội, Việt Nam -> 21.0208397,105.8558574
OK  id=146 [ward_district] Quận Tân Phú, TP. Hồ Chí Minh, Việt Nam -> 10.7918681,106.6277515
OK  id=147 [ward_district] Phường An Lạc, TP Hồ Chí Minh, Việt Nam -> 10.7381994,106.6148874
OK  id=148 [industrial_zone] KCN Long Bình (AMATA), TP Đồng Nai, Việt Nam -> 10.9389906,106.8863278
OK  id=149 [ward_district] Bùi Công Trừng, Xã Đông Thạnh, TP Hồ Chí Minh, Việt Nam -> 10.9110821,106.673825
OK  id=150 [industrial_zone] Khu Công nghiệp Phú Hội, Tỉnh Lâm Đồng, Việt Nam -> 11.6893788,108.3791087
OK  id=151 [ward_district] Xã Tân Châu, Tỉnh Tây Ninh, Việt Nam -> 11.5569932,106.1608072
OK  id=152 [exact] 106/10 Đường Phan Văn Trị, Phường Bình Thạnh, TP Hồ Chí Minh, Việt Nam -> 10.8094915,106.6962262
OK  id=153 [ward_district] Khu Phố 3, Phường An Khánh, TP Hồ Chí Minh, Việt Nam -> 10.8060413,106.742979
OK  id=154 [industrial_zone] Khu Công nghiệp, Tỉnh Bắc Ninh, Việt Nam -> 21.0919419,105.9619937
OK  id=155 [ward_district] Phường Định Công, TP Hà Nội, Việt Nam -> 20.9779202,105.8244431
OK  id=156 [ward_district] Xã Lộc Ninh, Tỉnh Tây Ninh, Việt Nam -> 11.280381,106.3160063
OK  id=157 [ward_district] Phường Tân Định, TP Hồ Chí Minh, Việt Nam -> 10.790563,106.6944598
OK  id=158 [ward_district] Phường Nghĩa Đô, TP Hà Nội, Việt Nam -> 21.0432977,105.7943681
OK  id=159 [industrial_zone] Khu công nghiệp Cẩm Khê, Tỉnh Phú Thọ, Việt Nam -> 21.4355703,105.1082877
OK  id=160 [ward_district] Đường Lữ Gia, Phường Phú Thọ, TP Hồ Chí Minh, Việt Nam -> 10.9561758,106.6983514
OK  id=161 [exact] Số 5 ngõ 65, phố Mai Dịch, Phường Mai Dịch, TP Hà Nội, Việt Nam -> 21.0391215,105.7737914
OK  id=162 [exact] 260 Nguyễn Thái Sơn, Phường Hạnh Thông, TP Hồ Chí Minh, Việt Nam -> 10.8202353,106.6834823
OK  id=163 [industrial_zone] Khu công nghiệp Mỹ Phước 3, TP Hồ Chí Minh, Việt Nam -> 11.0967709,106.6501512
OK  id=164 [ward_district] Phường Thượng Hồng, Tỉnh Hưng Yên, Việt Nam -> 20.9356214,106.127471
OK  id=165 [exact] 34 Bến Cát, Phường Tân Sơn Nhất, TP Hồ Chí Minh, Việt Nam -> 10.7854994,106.6565763
OK  id=166 [exact] Số 224, Đường Hà Huy Giáp, Phường Trấn Biên, TP Đồng Nai, Việt Nam -> 10.9490945,106.8241788
OK  id=167 [ward_district] Bán đảo Linh Đàm, Phường Hoàng Liệt, TP Hà Nội, Việt Nam -> 20.9637289,105.8289548
OK  id=168 [ward_district] Phường Bình Lợi Trung, TP Hồ Chí Minh, Việt Nam -> 10.8227002,106.7032473
OK  id=169 [ward_district] phố Hoàng Hoa Thám, Phường Tây Hồ, TP Hà Nội, Việt Nam -> 21.0474978,105.8071263
OK  id=170 [industrial_zone] Khu công nghiệp Tân Bình, TP Hồ Chí Minh, Việt Nam -> 10.8145745,106.6142487
OK  id=171 [ward_district] Phường Kinh Bắc, Tỉnh Bắc Ninh, Việt Nam -> 21.1769224,106.0579293
OK  id=172 [exact] 2/4 Lê Lai, Phường Bảy Hiền, TP Hồ Chí Minh, Việt Nam -> 10.7950218,106.6462625
OK  id=173 [ward_district] Phường Định Công, TP Hà Nội, Việt Nam -> 20.9779202,105.8244431
OK  id=174 [exact] 13A Đường TL44, Phường An Phú Đông, TP Hồ Chí Minh, Việt Nam -> 10.8518481,106.6961042
완료. 이번 회차 신규 확보: 83 / 83. 전체 좌표 확보: 171 / 174
실패건은 지도 안 '지오코딩 실행' 버튼(추가 재시도) 또는 상세패널에서 위도/경도 직접 입력으로 보완하세요.
