재시도 대상: 70건
OK  id=1 [ward_district] Huyện Thuỷ Nguyên, TP. Hải Phòng, Việt Nam -> 20.9160303,106.6753677
OK  id=2 [province_level] TP. Hà Nộ, Việt Nam -> 21.0064671,105.7870381
OK  id=3 [ward_district] Q. Long Biên, Hà Nội, Việt Nam -> 21.036727,105.898499
OK  id=5 [industrial_zone] KCN Tiên Sơn, Tỉnh Bắc Ninh, Việt Nam -> 21.1329344,105.9969391
OK  id=7 [province_level] Tỉnh Nam Định, Việt Nam -> 19.9952624,106.485807
OK  id=8 [ward_district] Xã Tu Vũ, Tỉnh Phú Thọ, Việt Nam -> 21.0660401,105.2774746
OK  id=9 [industrial_zone] Khu công nghiệp Hiệp Phước, TP Hồ Chí Minh, Việt Nam -> 10.6299071,106.7581376
OK  id=10 [ward_district] Q. Nam Từ Liêm, Hà Nội, Việt Nam -> 21.0185679,105.7576128
OK  id=11 [ward_district] Phường An Khánh, TP Hồ Chí Minh, Việt Nam -> 10.7850885,106.7293654
OK  id=12 [ward_district] Xã Phù Ninh, Tỉnh Phú Thọ, Việt Nam -> 21.4164551,105.3040902
OK  id=13 [ward_district] Xã Đông Thạnh, TP Hồ Chí Minh, Việt Nam -> 10.8981946,106.6361448
OK  id=14 [ward_district] Thành phố Việt Trì, Tỉnh Phú Thọ, Việt Nam -> 21.3323873,105.366022
OK  id=15 [industrial_zone] KCN Tân Kim, Tỉnh Tây Ninh, Việt Nam -> 10.6368337,106.6666092
OK  id=17 [ward_district] Xã Hoài Đức, TP Hà Nội, Việt Nam -> 21.0630487,105.7061118
OK  id=18 [ward_district] P. Vĩnh Tân, TP. Tân Uyên, Bình Dương -> 11.092138,106.8224628
OK  id=19 [ward_district] số 322 Tây Thạnh, Phường Tây Thạnh, TP Hồ Chí Minh, Việt Nam -> 10.8134242,106.6287539
OK  id=20 [industrial_zone] Khu công nghiệp Minh Quang, Tỉnh Hưng Yên, Việt Nam -> 20.9241659,106.1180803
OK  id=21 [ward_district] Đường Tôn Đức Thắng, Phường Sài Gòn, TP Hồ Chí Minh, Việt Nam -> 10.7790847,106.7074875
OK  id=22 [ward_district] Phường Cầu Giấy, TP Hà Nội, Việt Nam -> 21.0286704,105.7866045
OK  id=23 [ward_district] Phường Tiền Phong, Tỉnh Bắc Ninh, Việt Nam -> 21.1406466,106.0164425
OK  id=25 [industrial_zone] KCN Tiên Sơn, Tỉnh Bắc Ninh, Việt Nam -> 21.1329344,105.9969391
OK  id=27 [industrial_zone] khu công nghiệp Phú Nghĩa, Thành phố Hà Nội, Việt Nam -> 20.9298323,105.6685658
OK  id=28 [industrial_zone] Khu công nghiệp Vĩnh Lộc, TP Hồ Chí Minh, Việt Nam -> 10.8238943,106.5905959
OK  id=30 [ward_district] Xã Vân Hồ, Tỉnh Sơn La, Việt Nam -> 20.7958205,104.847011
OK  id=32 [ward_district] Phường Hiệp Bình, TP Hồ Chí Minh, Việt Nam -> 10.8391728,106.7253193
OK  id=33 [ward_district] số 322 Tây Thạnh, Phường Tây Thạnh, TP Hồ Chí Minh, Việt Nam -> 10.8134242,106.6287539
OK  id=34 [ward_district] Xã Lạc Đạo, Tỉnh Hưng Yên, Việt Nam -> 20.9783196,106.0335002
OK  id=35 [ward_district] Phường Việt Hòa, TP Hải Phòng, Việt Nam -> 20.9473671,106.2930763
OK  id=37 [province_level] Phường Hoa Lư, Việt Nam -> 20.2572484,105.9718894
OK  id=38 [ward_district] ngõ 390 đường Nguyễn Văn Cừ, Phường Bồ Đề, TP Hà Nội, Việt Nam -> 21.0448722,105.8773317
OK  id=39 [province_level] Hà Nam, Việt Nam -> 20.5340294,105.9810248
OK  id=40 [ward_district] Phường Định Công, TP Hà Nội, Việt Nam -> 20.9779202,105.8244431
OK  id=41 [ward_district] P. Trấn Biên, TP. Biên Hòa, Tỉnh Đồng Nai, Việt Nam -> 10.9110599,106.8431818
OK  id=42 [ward_district] Phường Bồ Đề, TP Hà Nội, Việt Nam -> 21.0573506,105.8662488
OK  id=43 [industrial_zone] CCN Hà Mãn - Trí Quả, Tỉnh Bắc Ninh, Việt Nam -> 21.1168535,106.1089557
OK  id=44 [province_level] Tỉnh Hải Dương, Việt Nam -> 20.9602884,106.3604393
OK  id=45 [ward_district] TP. Hạ Long, Tỉnh Quảng Ninh, Việt Nam -> 21.0363098,107.1542072
OK  id=46 [industrial_zone] KCN Đông Nam, TP. Hồ Chí Minh, Việt Nam -> 10.9744151,106.6226398
OK  id=47 [industrial_zone] KCN Lê Minh Xuân, TP. Hồ Chí Minh, Việt Nam -> 10.7426409,106.5436646
OK  id=48 [industrial_zone] KCN Tiên Sơn, Tỉnh Bắc Ninh, Việt Nam -> 21.1329344,105.9969391
OK  id=49 [ward_district] Q. Hoàn Kiếm, Hà Nội, Việt Nam -> 21.0307816,105.8540626
OK  id=52 [ward_district] Phường An Lạc, TP Hồ Chí Minh, Việt Nam -> 10.7381994,106.6148874
OK  id=53 [ward_district] Phường Yên Sở, TP Hà Nội, Việt Nam -> 20.9638518,105.8658241
OK  id=54 [ward_district] Q. Ba Đình, Hà Nội, Việt Nam -> 21.0347091,105.8245193
OK  id=55 [ward_district] P. Đường Hào, Tỉnh Hưng Yên, Việt Nam -> 20.9023597,106.1118976
OK  id=56 [industrial_zone] KCN Phú Hội, Tỉnh Lâm Đồng, Việt Nam -> 11.6893788,108.3791087
OK  id=57 [ward_district] Xã Tân Châu, Tỉnh Tây Ninh, Việt Nam -> 11.5569932,106.1608072
OK  id=59 [ward_district] Xã Vân Hồ, Tỉnh Sơn La, Việt Nam -> 20.7958205,104.847011
OK  id=60 [ward_district] Khu Phố 3, Phường An Khánh, TP Hồ Chí Minh, Việt Nam -> 10.8060413,106.742979
OK  id=61 [province_level] Tỉnh Bắc Ninh, Việt Nam -> 21.1168535,106.1089557
FAIL id=62 모든 후보 실패: Số 7/28 ngõ 20, đường Phạm Văn Đồng, Phường Tứ Minh, Thành phố Hải Phòng, Việt Nam ; Tình
OK  id=63 [ward_district] Phường Định Công, TP Hà Nội, Việt Nam -> 20.9779202,105.8244431
OK  id=64 [ward_district] Xã Nguyệt Đức, Thị xã Thuận Thành, Tỉnh Bắc Ninh, Việt Nam -> 21.0104256,106.066372
OK  id=65 [ward_district] Phường Tân Định, TP Hồ Chí Minh, Việt Nam -> 10.790563,106.6944598
OK  id=66 [ward_district] Phường Xuân Đỉnh, TP Hà Nội, Việt Nam -> 21.0668425,105.7960227
OK  id=67 [ward_district] phố Phó Đức Chính, Phường Ba Đình, TP Hà Nội, Việt Nam -> 21.0483311,105.8418306
OK  id=69 [ward_district] Phường Nghĩa Đô, TP Hà Nội, Việt Nam -> 21.0432977,105.7943681
OK  id=70 [industrial_zone] Khu công nghiệp Cẩm Khê, Tỉnh Phú Thọ, Việt Nam -> 21.4355703,105.1082877
OK  id=71 [ward_district] Đường Lữ Gia, Phường Phú Thọ, TP Hồ Chí Minh, Việt Nam -> 10.9561758,106.6983514
OK  id=74 [ward_district] Xã Cẩm Khê, Tỉnh Phú Thọ, Việt Nam -> 21.4356776,105.1043233
OK  id=75 [ward_district] Thị xã Mỹ Hào, Tỉnh Hưng Yên, Việt Nam -> 20.941841,106.029898
OK  id=76 [ward_district] 285 Cách Mạng Tháng Tám, Phường Hòa Hưng, TP Hồ Chí Minh, Việt Nam -> 10.7778329,106.6798942
OK  id=78 [ward_district] Bán đảo Linh Đàm, Phường Hoàng Liệt, TP Hà Nội, Việt Nam -> 20.9637289,105.8289548
OK  id=79 [ward_district] Phường Bình Lợi Trung, TP Hồ Chí Minh, Việt Nam -> 10.8227002,106.7032473
OK  id=80 [ward_district] ngõ 134, đường Thạch Bàn, Phường Long Biên, TP Hà Nội, Việt Nam -> 21.0277975,105.911437
OK  id=81 [ward_district] phố Hoàng Hoa Thám, Phường Tây Hồ, TP Hà Nội, Việt Nam -> 21.0474978,105.8071263
OK  id=82 [industrial_zone] KCN Tân Bình, TP. Hồ Chí Minh, Việt Nam -> 10.8145745,106.6142487
OK  id=84 [ward_district] Phường Kinh Bắc, Tỉnh Bắc Ninh, Việt Nam -> 21.1769224,106.0579293
OK  id=86 [ward_district] Phường Định Công, TP Hà Nội, Việt Nam -> 20.9779202,105.8244431
OK  id=88 [ward_district] Xã Đoan Hùng, Tỉnh Phú Thọ, Việt Nam -> 21.6181495,105.1831278
완료. 이번 회차 신규 확보: 69 / 70. 전체 좌표 확보: 87 / 88
